../Core/Src/main.c:63:6:ADC_init	32	static
../Core/Src/main.c:77:10:Read_ADC	24	static
../Core/Src/main.c:87:6:UART_init	32	static
../Core/Src/main.c:103:6:UART_Send_Byte	24	static
../Core/Src/main.c:111:6:UART_Send_Multi_Byte	24	static
../Core/Src/main.c:139:5:main	8	static
../Core/Src/main.c:224:6:SystemClock_Config	88	static
../Core/Src/main.c:266:13:MX_GPIO_Init	16	static
../Core/Src/main.c:285:6:send_data_task	56	static
../Core/Src/main.c:311:6:Read_data_temp_task	32	static
../Core/Src/main.c:334:6:Error_Handler	4	static,ignoring_inline_asm
